python.exe : 687 INFO: PyInstaller: 6.17.0, contrib hooks: 2025.10
At line:1 char:99
+ ... v/Scripts/python.exe"; & $python build_exe.py > build_output.log 
2>&1
+                            
~~~~~~~~~~~~~~~~~~~~~~~~~~~~~~~~~~~~~~~~~~~~~~
    + CategoryInfo          : NotSpecified: (687 INFO: PyIns... hooks:  
   2025.10:String) [], RemoteException
    + FullyQualifiedErrorId : NativeCommandError
 
688 INFO: Python: 3.14.0
1835 INFO: Platform: Windows-11-10.0.26200-SP0
1835 INFO: Python environment: C:\Users\48330221\Programas 
Python\ContabilidadClinica\venv
1836 INFO: wrote C:\Users\48330221\Programas 
Python\ContabilidadClinica\ContabilidadClinica.spec
1848 INFO: Module search paths (PYTHONPATH):
['C:\\Users\\48330221\\Programas Python\\ContabilidadClinica',
 'C:\\Users\\48330221\\AppData\\Local\\Programs\\Python\\Python314\\pyth
on314.zip',
 'C:\\Users\\48330221\\AppData\\Local\\Programs\\Python\\Python314\\DLLs
',
 
'C:\\Users\\48330221\\AppData\\Local\\Programs\\Python\\Python314\\Lib',
 'C:\\Users\\48330221\\AppData\\Local\\Programs\\Python\\Python314',
 'C:\\Users\\48330221\\Programas Python\\ContabilidadClinica\\venv',
 'C:\\Users\\48330221\\Programas '
 'Python\\ContabilidadClinica\\venv\\Lib\\site-packages',
 'C:\\Users\\48330221\\Programas Python\\ContabilidadClinica']
4726 INFO: checking Analysis
4727 INFO: Building Analysis because Analysis-00.toc is non existent
4727 INFO: Looking for Python shared library...
4727 INFO: Using Python shared library: 
C:\Users\48330221\AppData\Local\Programs\Python\Python314\python314.dll
4727 INFO: Running Analysis Analysis-00.toc
4727 INFO: Target bytecode optimization level: 0
4727 INFO: Initializing module dependency graph...
4730 INFO: Initializing module graph hook caches...
4762 INFO: Analyzing modules for base_library.zip ...
============================================================
Generando ejecutable de Contabilidad ClÝnica...
============================================================

